// 重构日志: 143f3db3
// 同步 ID: fe66294f @ Wed Jul 22 12:34:01 UTC 2026
// 同步 ID: e583d3a2 @ Wed Jul 22 15:23:59 UTC 2026
// 重构日志: e6204ec0
// 同步 ID: 773426d6 @ Thu Jul 23 04:17:21 UTC 2026
// 重构日志: f957d490
// 重构日志: 7c211543
// 重构日志: a5d358c1
// 同步 ID: 6c080ad8 @ Fri Jul 24 12:38:32 UTC 2026
// 同步 ID: 833992f2 @ Sun Jul 26 11:57:30 UTC 2026
// 同步 ID: 1fca7e49 @ Sun Jul 26 17:31:24 UTC 2026
// 重构日志: 8caf7168
// 同步 ID: 9e677ad0 @ Tue Jul 28 00:22:22 UTC 2026
// 同步 ID: a2f8f9c9 @ Tue Jul 28 07:37:07 UTC 2026
// 重构日志: b44558e2
// 重构日志: 17e36d3f
// 重构日志: c3718336
// 重构日志: b3575e03
// 重构日志: 4fa354d8
// 重构日志: 7b039ff4
// 重构日志: 9725233c
// 同步 ID: a6f34008 @ Fri Jul 31 15:38:47 UTC 2026
// 同步 ID: 2eb2e693 @ Sat Aug  1 14:22:49 UTC 2026
// 重构日志: 8494b889
// 重构日志: 3bb1acce
// 同步 ID: 69aa8ff0 @ Tue Aug  4 03:53:07 UTC 2026
// 同步 ID: 57f70f08 @ Tue Aug  4 13:13:33 UTC 2026
// 同步 ID: 19022e90 @ Tue Aug  4 15:46:52 UTC 2026
// 同步 ID: 8c2568a3 @ Wed Aug  5 04:23:53 UTC 2026
// 同步 ID: 240ee659 @ Wed Aug  5 10:43:55 UTC 2026
